// Jest Snapshot v1, https://goo.gl/fbAQLP

exports[`CustomTextInput testing renders correctly 1`] = `
<View
  style={
    [
      {
        "alignItems": "center",
        "backgroundColor": "#FFFFFF",
        "borderColor": "#a6a6a6",
        "borderRadius": 5,
        "borderWidth": 1,
        "flexDirection": "row",
        "height": 45,
        "justifyContent": "center",
        "paddingHorizontal": 20,
        "width": 718,
      },
      false,
    ]
  }
  testID="text-input-container"
>
  <TextInput
    onBlur={[Function]}
    onChangeText={[Function]}
    onFocus={[Function]}
    placeholder="Search"
    style={
      {
        "height": "95%",
        "width": "100%",
      }
    }
    testID="custom-text-input"
    value=""
  />
</View>
`;
